// Vitest Snapshot v1, https://vitest.dev/guide/snapshot.html

exports[`greeting 2`] = `
[MockFunction log] {
  "calls": [
    [
      "Hello, Josh",
    ],
    [
      [Circular],
    ],
  ],
  "results": [
    {
      "type": "return",
      "value": undefined,
    },
    {
      "type": "return",
      "value": undefined,
    },
  ],
}
`;
